2026-03-30 08:30:10,444 - INFO - Input: area=7420.0 bedrooms=4 bathrooms=2 stories=3 mainroad=1 guestroom=0 basement=1 hotwaterheating=0 airconditioning=1 parking=2 prefarea=1 furnishingstatus=1
2026-03-30 08:30:10,445 - INFO - Prediction: [8186835.07199429]
2026-03-30 08:30:10,445 - INFO - Response time: 0.0030303001403808594
2026-03-30 08:32:34,368 - INFO - Input: area=5000.0 bedrooms=3 bathrooms=2 stories=2 mainroad=1 guestroom=0 basement=1 hotwaterheating=0 airconditioning=1 parking=1 prefarea=1 furnishingstatus=1
2026-03-30 08:32:34,369 - INFO - Prediction: [6905526.87344023]
2026-03-30 08:32:34,369 - INFO - Response time: 0.0009989738464355469
2026-03-30 08:34:38,484 - INFO - Input: area=12000.0 bedrooms=6 bathrooms=4 stories=3 mainroad=1 guestroom=1 basement=1 hotwaterheating=1 airconditioning=1 parking=3 prefarea=1 furnishingstatus=2
2026-03-30 08:34:38,485 - INFO - Prediction: [12975587.67268648]
2026-03-30 08:34:38,485 - INFO - Response time: 0.0031189918518066406
2026-03-30 08:35:53,532 - INFO - Input: area=1200.0 bedrooms=2 bathrooms=1 stories=1 mainroad=0 guestroom=0 basement=0 hotwaterheating=0 airconditioning=0 parking=0 prefarea=0 furnishingstatus=0
2026-03-30 08:35:53,532 - INFO - Prediction: [1815796.77413937]
2026-03-30 08:35:53,534 - INFO - Response time: 0.0013663768768310547
2026-03-30 08:35:55,002 - INFO - Input: area=1200.0 bedrooms=2 bathrooms=1 stories=1 mainroad=0 guestroom=0 basement=0 hotwaterheating=0 airconditioning=0 parking=0 prefarea=0 furnishingstatus=0
2026-03-30 08:35:55,002 - INFO - Prediction: [1815796.77413937]
2026-03-30 08:35:55,002 - INFO - Response time: 0.0010764598846435547
2026-03-30 08:54:53,981 - INFO - Prediction: [25304109.69489746], Latency: 0.004537343978881836
2026-03-30 09:02:05,270 - INFO - Input: {'area': -1000.0, 'bedrooms': 3, 'bathrooms': 2, 'stories': 2, 'mainroad': 1, 'guestroom': 0, 'basement': 1, 'hotwaterheating': 0, 'airconditioning': 1, 'parking': 1, 'prefarea': 1, 'furnishingstatus': 1}
2026-03-30 09:02:05,271 - INFO - Prediction: 5490434.242711408
2026-03-30 09:02:05,271 - INFO - Response time: 0.0030264854431152344
2026-03-30 09:02:06,496 - INFO - Input: {'area': -1000.0, 'bedrooms': 3, 'bathrooms': 2, 'stories': 2, 'mainroad': 1, 'guestroom': 0, 'basement': 1, 'hotwaterheating': 0, 'airconditioning': 1, 'parking': 1, 'prefarea': 1, 'furnishingstatus': 1}
2026-03-30 09:02:06,497 - INFO - Prediction: 5490434.242711408
2026-03-30 09:02:06,497 - INFO - Response time: 0.012962102890014648
2026-03-30 09:13:04,877 - ERROR - Error occurred: area cannot be negative | Input: {'area': -1000.0, 'bedrooms': 3, 'bathrooms': 2, 'stories': 2, 'mainroad': 1, 'guestroom': 0, 'basement': 1, 'hotwaterheating': 0, 'airconditioning': 1, 'parking': 1, 'prefarea': 1, 'furnishingstatus': 1}
2026-03-30 09:13:36,139 - ERROR - Validation Error: [{'type': 'missing', 'loc': ('body', 'area'), 'msg': 'Field required', 'input': {'stories': 2, 'mainroad': 1, 'guestroom': 0, 'basement': 1, 'hotwaterheating': 0, 'airconditioning': 1, 'parking': 1, 'prefarea': 1, 'furnishingstatus': 1}}, {'type': 'missing', 'loc': ('body', 'bedrooms'), 'msg': 'Field required', 'input': {'stories': 2, 'mainroad': 1, 'guestroom': 0, 'basement': 1, 'hotwaterheating': 0, 'airconditioning': 1, 'parking': 1, 'prefarea': 1, 'furnishingstatus': 1}}, {'type': 'missing', 'loc': ('body', 'bathrooms'), 'msg': 'Field required', 'input': {'stories': 2, 'mainroad': 1, 'guestroom': 0, 'basement': 1, 'hotwaterheating': 0, 'airconditioning': 1, 'parking': 1, 'prefarea': 1, 'furnishingstatus': 1}}]
2026-03-30 09:24:10,517 - INFO - Input: {'area': 2000.0, 'bedrooms': 4, 'bathrooms': 2, 'stories': 1, 'mainroad': 0, 'guestroom': 1, 'basement': 2, 'hotwaterheating': 0, 'airconditioning': 0, 'parking': 0, 'prefarea': 0, 'furnishingstatus': 1}
2026-03-30 09:24:10,518 - INFO - Prediction: 4488605.483842822
2026-03-30 09:24:10,518 - INFO - Response time: 0.011631488800048828
2026-03-30 09:24:43,863 - ERROR - Validation Error: [{'type': 'missing', 'loc': ('body', 'area'), 'msg': 'Field required', 'input': {'mainroad': 0, 'guestroom': 1, 'basement': 2, 'hotwaterheating': 0, 'airconditioning': 0, 'parking': 0, 'prefarea': 0, 'furnishingstatus': 1}}, {'type': 'missing', 'loc': ('body', 'bedrooms'), 'msg': 'Field required', 'input': {'mainroad': 0, 'guestroom': 1, 'basement': 2, 'hotwaterheating': 0, 'airconditioning': 0, 'parking': 0, 'prefarea': 0, 'furnishingstatus': 1}}, {'type': 'missing', 'loc': ('body', 'bathrooms'), 'msg': 'Field required', 'input': {'mainroad': 0, 'guestroom': 1, 'basement': 2, 'hotwaterheating': 0, 'airconditioning': 0, 'parking': 0, 'prefarea': 0, 'furnishingstatus': 1}}, {'type': 'missing', 'loc': ('body', 'stories'), 'msg': 'Field required', 'input': {'mainroad': 0, 'guestroom': 1, 'basement': 2, 'hotwaterheating': 0, 'airconditioning': 0, 'parking': 0, 'prefarea': 0, 'furnishingstatus': 1}}]
2026-03-30 09:28:18,364 - ERROR - Error occurred: area cannot be negative | Input: {'area': -1000.0, 'bedrooms': 3, 'bathrooms': 2, 'stories': 2, 'mainroad': 1, 'guestroom': 0, 'basement': 1, 'hotwaterheating': 0, 'airconditioning': 1, 'parking': 1, 'prefarea': 1, 'furnishingstatus': 1}
2026-03-30 09:33:33,641 - ERROR - Validation Error: [{'type': 'missing', 'loc': ('body', 'area'), 'msg': 'Field required', 'input': {'mainroad': 0, 'guestroom': 0, 'basement': 0, 'hotwaterheating': 0, 'airconditioning': 0, 'parking': 0, 'prefarea': 0, 'furnishingstatus': 0}}, {'type': 'missing', 'loc': ('body', 'bedrooms'), 'msg': 'Field required', 'input': {'mainroad': 0, 'guestroom': 0, 'basement': 0, 'hotwaterheating': 0, 'airconditioning': 0, 'parking': 0, 'prefarea': 0, 'furnishingstatus': 0}}, {'type': 'missing', 'loc': ('body', 'bathrooms'), 'msg': 'Field required', 'input': {'mainroad': 0, 'guestroom': 0, 'basement': 0, 'hotwaterheating': 0, 'airconditioning': 0, 'parking': 0, 'prefarea': 0, 'furnishingstatus': 0}}, {'type': 'missing', 'loc': ('body', 'stories'), 'msg': 'Field required', 'input': {'mainroad': 0, 'guestroom': 0, 'basement': 0, 'hotwaterheating': 0, 'airconditioning': 0, 'parking': 0, 'prefarea': 0, 'furnishingstatus': 0}}]
2026-03-30 09:33:34,973 - ERROR - Validation Error: [{'type': 'missing', 'loc': ('body', 'area'), 'msg': 'Field required', 'input': {'mainroad': 0, 'guestroom': 0, 'basement': 0, 'hotwaterheating': 0, 'airconditioning': 0, 'parking': 0, 'prefarea': 0, 'furnishingstatus': 0}}, {'type': 'missing', 'loc': ('body', 'bedrooms'), 'msg': 'Field required', 'input': {'mainroad': 0, 'guestroom': 0, 'basement': 0, 'hotwaterheating': 0, 'airconditioning': 0, 'parking': 0, 'prefarea': 0, 'furnishingstatus': 0}}, {'type': 'missing', 'loc': ('body', 'bathrooms'), 'msg': 'Field required', 'input': {'mainroad': 0, 'guestroom': 0, 'basement': 0, 'hotwaterheating': 0, 'airconditioning': 0, 'parking': 0, 'prefarea': 0, 'furnishingstatus': 0}}, {'type': 'missing', 'loc': ('body', 'stories'), 'msg': 'Field required', 'input': {'mainroad': 0, 'guestroom': 0, 'basement': 0, 'hotwaterheating': 0, 'airconditioning': 0, 'parking': 0, 'prefarea': 0, 'furnishingstatus': 0}}]
2026-03-30 09:34:38,171 - INFO - Input: {'area': 6000.0, 'bedrooms': 5, 'bathrooms': 2, 'stories': 2, 'mainroad': 1, 'guestroom': 0, 'basement': 1, 'hotwaterheating': 0, 'airconditioning': 1, 'parking': 1, 'prefarea': 1, 'furnishingstatus': 2}
2026-03-30 09:34:38,171 - INFO - Prediction: 7508921.748275128
2026-03-30 09:34:38,171 - INFO - Response time: 0.0073490142822265625
2026-03-30 09:35:02,038 - INFO - Input: {'area': 4000.0, 'bedrooms': 3, 'bathrooms': 2, 'stories': 1, 'mainroad': 1, 'guestroom': 0, 'basement': 1, 'hotwaterheating': 0, 'airconditioning': 1, 'parking': 1, 'prefarea': 1, 'furnishingstatus': 2}
2026-03-30 09:35:02,039 - INFO - Prediction: 6473852.055460767
2026-03-30 09:35:02,039 - INFO - Response time: 0.0
